../Core/Src/main.c:66:10:measure_distance	24	static
../Core/Src/main.c:93:6:goForward	8	static
../Core/Src/main.c:100:6:goBackwards	8	static
../Core/Src/main.c:107:6:turnLeft	8	static
../Core/Src/main.c:114:6:turnRight	8	static
../Core/Src/main.c:121:6:stop	8	static
../Core/Src/main.c:129:6:stopwatch_start	8	static
../Core/Src/main.c:134:10:stopwatch_stop	8	static
../Core/Src/main.c:140:6:stopwatch_reset	0	static
../Core/Src/main.c:144:10:stopwatch_read	0	static
../Core/Src/main.c:277:6:SystemClock_Config	112	static,ignoring_inline_asm
../Core/Src/main.c:153:5:main	88	static,ignoring_inline_asm
../Core/Src/main.c:565:6:Error_Handler	0	static,ignoring_inline_asm
