../Core/Src/main.c:64:10:measure_distance	32	static
../Core/Src/main.c:92:6:goForward	8	static
../Core/Src/main.c:99:6:goBackwards	8	static
../Core/Src/main.c:106:6:turnRight	8	static
../Core/Src/main.c:113:6:turnLeft	8	static
../Core/Src/main.c:120:6:stop	8	static
../Core/Src/main.c:127:6:reset_time	0	static
../Core/Src/main.c:131:6:start_timer	0	static
../Core/Src/main.c:135:6:stop_timer	0	static
../Core/Src/main.c:311:6:SystemClock_Config	80	static,ignoring_inline_asm
../Core/Src/main.c:145:5:main	184	static,ignoring_inline_asm
../Core/Src/main.c:482:6:HAL_TIM_PeriodElapsedCallback	0	static
../Core/Src/main.c:494:6:Error_Handler	0	static,ignoring_inline_asm
