../Core/Src/main.c:64:10:measure_distance	48	static
../Core/Src/main.c:92:6:goForward	8	static
../Core/Src/main.c:99:6:goBackwards	8	static
../Core/Src/main.c:106:6:turnRight	8	static
../Core/Src/main.c:113:6:turnLeft	8	static
../Core/Src/main.c:120:6:stop	8	static
../Core/Src/main.c:127:6:reset_time	8	static
../Core/Src/main.c:131:6:start_timer	8	static
../Core/Src/main.c:135:6:stop_timer	8	static
../Core/Src/main.c:145:5:main	136	static
../Core/Src/main.c:311:6:SystemClock_Config	88	static
../Core/Src/main.c:346:13:MX_TIM1_Init	32	static
../Core/Src/main.c:392:13:MX_TIM3_Init	32	static
../Core/Src/main.c:437:13:MX_GPIO_Init	48	static
../Core/Src/main.c:482:6:HAL_TIM_PeriodElapsedCallback	16	static
../Core/Src/main.c:494:6:Error_Handler	8	static,ignoring_inline_asm
