../Core/Src/main.c:66:10:measure_distance	40	static
../Core/Src/main.c:93:6:goForward	8	static
../Core/Src/main.c:100:6:goBackwards	8	static
../Core/Src/main.c:107:6:turnLeft	8	static
../Core/Src/main.c:114:6:turnRight	8	static
../Core/Src/main.c:121:6:stop	8	static
../Core/Src/main.c:129:6:stopwatch_start	8	static
../Core/Src/main.c:133:10:stopwatch_stop	16	static
../Core/Src/main.c:139:6:stopwatch_reset	8	static
../Core/Src/main.c:143:10:stopwatch_read	8	static
../Core/Src/main.c:152:5:main	40	static
../Core/Src/main.c:269:6:SystemClock_Config	112	static
../Core/Src/main.c:314:13:MX_TIM1_Init	32	static
../Core/Src/main.c:360:13:MX_TIM2_Init	64	static
../Core/Src/main.c:419:13:MX_TIM3_Init	32	static
../Core/Src/main.c:464:13:MX_USART2_UART_Init	8	static
../Core/Src/main.c:499:13:MX_GPIO_Init	48	static
../Core/Src/main.c:557:6:Error_Handler	8	static,ignoring_inline_asm
